This time we need to push a commit with instructions in README.md













bandit31@bandit:~$ ls
bandit31@bandit:~$ cd /tmp
bandit31@bandit:/tmp$ ls
ls: cannot open directory '.': Permission denied
bandit31@bandit:/tmp$ mkdir cold
bandit31@bandit:/tmp$ cd cold
bandit31@bandit:/tmp/cold$ git clone ssh://bandit31-git@localhost/home/bandit31-git/repo
Cloning into 'repo'...
Could not create directory '/home/bandit31/.ssh'.
The authenticity of host 'localhost (127.0.0.1)' can't be established.
ECDSA key fingerprint is SHA256:98UL0ZWr85496EtCRkKlo20X3OPnyPSB5tB5RPbhczc.
Are you sure you want to continue connecting (yes/no)? yes
Failed to add the host to the list of known hosts (/home/bandit31/.ssh/known_hosts).
This is a OverTheWire game server. More information on http://www.overthewire.org/wargames

bandit31-git@localhost's password: 
remote: Counting objects: 4, done.
remote: Compressing objects: 100% (3/3), done.
remote: Total 4 (delta 0), reused 0 (delta 0)
Receiving objects: 100% (4/4), done.
bandit31@bandit:/tmp/cold$ ls
repo
bandit31@bandit:/tmp/cold$ cd repo
bandit31@bandit:/tmp/cold/repo$ ls
README.md
bandit31@bandit:/tmp/cold/repo$ cat README.md 
This time your task is to push a file to the remote repository.

Details:
    File name: key.txt
    Content: 'May I come in?'
    Branch: master

bandit31@bandit:/tmp/cold/repo$ echo "May I come in?" > key.txt
bandit31@bandit:/tmp/cold/repo$ git status
On branch master
Your branch is up-to-date with 'origin/master'.
nothing to commit, working tree clean
bandit31@bandit:/tmp/cold/repo$ git add key.txt 
The following paths are ignored by one of your .gitignore files:
key.txt
Use -f if you really want to add them.
bandit31@bandit:/tmp/cold/repo$ git status
On branch master
Your branch is up-to-date with 'origin/master'.
nothing to commit, working tree clean
bandit31@bandit:/tmp/cold/repo$ git -f add key.txt 
Unknown option: -f
usage: git [--version] [--help] [-C <path>] [-c name=value]
           [--exec-path[=<path>]] [--html-path] [--man-path] [--info-path]
           [-p | --paginate | --no-pager] [--no-replace-objects] [--bare]
           [--git-dir=<path>] [--work-tree=<path>] [--namespace=<name>]
           <command> [<args>]
bandit31@bandit:/tmp/cold/repo$ git add key.txt -f
bandit31@bandit:/tmp/cold/repo$ git status
On branch master
Your branch is up-to-date with 'origin/master'.
Changes to be committed:
  (use "git reset HEAD <file>..." to unstage)

        new file:   key.txt

bandit31@bandit:/tmp/cold/repo$ git push
Could not create directory '/home/bandit31/.ssh'.
The authenticity of host 'localhost (127.0.0.1)' can't be established.
ECDSA key fingerprint is SHA256:98UL0ZWr85496EtCRkKlo20X3OPnyPSB5tB5RPbhczc.
Are you sure you want to continue connecting (yes/no)? yes
Failed to add the host to the list of known hosts (/home/bandit31/.ssh/known_hosts).
This is a OverTheWire game server. More information on http://www.overthewire.org/wargames

bandit31-git@localhost's password: 
Everything up-to-date
bandit31@bandit:/tmp/cold/repo$ git status
On branch master
Your branch is up-to-date with 'origin/master'.
Changes to be committed:
  (use "git reset HEAD <file>..." to unstage)

        new file:   key.txt

bandit31@bandit:/tmp/cold/repo$ git commit -m "stupid commit"
[master be062eb] stupid commit
 1 file changed, 1 insertion(+)
 create mode 100644 key.txt
bandit31@bandit:/tmp/cold/repo$ git status
On branch master
Your branch is ahead of 'origin/master' by 1 commit.
  (use "git push" to publish your local commits)
nothing to commit, working tree clean
bandit31@bandit:/tmp/cold/repo$ git push
Could not create directory '/home/bandit31/.ssh'.
The authenticity of host 'localhost (127.0.0.1)' can't be established.
ECDSA key fingerprint is SHA256:98UL0ZWr85496EtCRkKlo20X3OPnyPSB5tB5RPbhczc.
Are you sure you want to continue connecting (yes/no)? yes
Failed to add the host to the list of known hosts (/home/bandit31/.ssh/known_hosts).
This is a OverTheWire game server. More information on http://www.overthewire.org/wargames

bandit31-git@localhost's password: 
Counting objects: 3, done.
Delta compression using up to 4 threads.
Compressing objects: 100% (2/2), done.
Writing objects: 100% (3/3), 322 bytes | 0 bytes/s, done.
Total 3 (delta 0), reused 0 (delta 0)
remote: ### Attempting to validate files... ####
remote: 
remote: .oOo.oOo.oOo.oOo.oOo.oOo.oOo.oOo.oOo.oOo.
remote: 
remote: Well done! Here is the password for the next level:
remote: 56a9bf19c63d650ce78e6ec0354ee45e
remote: 
remote: .oOo.oOo.oOo.oOo.oOo.oOo.oOo.oOo.oOo.oOo.
remote: 
To ssh://localhost/home/bandit31-git/repo
 ! [remote rejected] master -> master (pre-receive hook declined)
error: failed to push some refs to 'ssh://bandit31-git@localhost/home/bandit31-git/repo'
